// Jest Snapshot v1, https://goo.gl/fbAQLP

exports[`Test ListItem Component should click on callbacks 1`] = `[Function]`;

exports[`Test ListItem Component should item be done 1`] = `[Function]`;

exports[`Test ListItem Component should render correctly 1`] = `[Function]`;
