// Jest Snapshot v1, https://goo.gl/fbAQLP

exports[`Test Button Component should click on button 1`] = `[Function]`;

exports[`Test Button Component should render button with type danger 1`] = `[Function]`;

exports[`Test Button Component should render button with type success 1`] = `[Function]`;

exports[`Test Button Component should render correctly 1`] = `[Function]`;
