// Jest Snapshot v1, https://goo.gl/fbAQLP

exports[`Test Input Component should render correctly 1`] = `[Function]`;
